I[22:27:24.691] clangd version 22.1.6 (https://github.com/llvm/llvm-project fc4aad7b5db3fff421df9a9637605b9ca5667881)
I[22:27:24.693] Features: windows+grpc
I[22:27:24.693] PID: 30880
I[22:27:24.693] Working directory: C:\Users\25686\Desktop\OOP
I[22:27:24.693] argv[0]: C:\Users\25686\AppData\Local\Zed\languages\clangd\clangd_22.1.6\bin\clangd.exe
I[22:27:24.693] argv[1]: --check=src/PersistenceApplicationFanLX.cpp
I[22:27:24.693] argv[2]: --compile-commands-dir=build
I[22:27:24.693] argv[3]: --query-driver=D:/mingw64/bin/c++.exe
I[22:27:24.693] argv[4]: --clang-tidy
I[22:27:24.693] argv[5]: --tweaks=none
I[22:27:24.699] Entering check mode (no LSP server)
I[22:27:24.699] Testing on source file C:\Users\25686\Desktop\OOP\src\PersistenceApplicationFanLX.cpp
I[22:27:24.701] Loading config file at C:\Users\25686\Desktop\OOP\.clangd
I[22:27:24.702] Loading config file at C:\Users\25686\AppData\Local\clangd\config.yaml
I[22:27:24.702] Loading compilation database...
I[22:27:24.780] Loaded compilation database from C:\Users\25686\Desktop\OOP\build\compile_commands.json
I[22:27:24.866] System includes extractor: successfully executed D:\mingw64\bin\c++.exe
	got includes: "D:/mingw64/bin/../lib/gcc/x86_64-w64-mingw32/15.1.0/include/c++, D:/mingw64/bin/../lib/gcc/x86_64-w64-mingw32/15.1.0/include/c++/x86_64-w64-mingw32, D:/mingw64/bin/../lib/gcc/x86_64-w64-mingw32/15.1.0/include/c++/backward, D:/mingw64/bin/../lib/gcc/x86_64-w64-mingw32/15.1.0/include-fixed, D:/mingw64/bin/../lib/gcc/x86_64-w64-mingw32/15.1.0/../../../../x86_64-w64-mingw32/include"
	got target: "x86_64-w64-mingw32"
I[22:27:24.866] Compile command from CDB is: [C:/Users/25686/Desktop/OOP/build] "D:\\mingw64\\bin\\c++.exe" --driver-mode=g++ -IC:/Users/25686/Desktop/OOP/include -IC:/Users/25686/Desktop/OOP/third_party -std=gnu++17 -Wall -Wextra -Wpedantic -Werror -o "CMakeFiles\\fanlx_persistence.dir\\src\\PersistenceApplicationFanLX.cpp.obj" -c -isystem D:/mingw64/bin/../lib/gcc/x86_64-w64-mingw32/15.1.0/include/c++ -isystem D:/mingw64/bin/../lib/gcc/x86_64-w64-mingw32/15.1.0/include/c++/x86_64-w64-mingw32 -isystem D:/mingw64/bin/../lib/gcc/x86_64-w64-mingw32/15.1.0/include/c++/backward -isystem D:/mingw64/bin/../lib/gcc/x86_64-w64-mingw32/15.1.0/include-fixed -isystem D:/mingw64/bin/../lib/gcc/x86_64-w64-mingw32/15.1.0/../../../../x86_64-w64-mingw32/include --target=x86_64-w64-mingw32 "-resource-dir=C:\\Users\\25686\\AppData\\Local\\Zed\\languages\\clangd\\clangd_22.1.6\\lib\\clang\\22" -- "C:\\Users\\25686\\Desktop\\OOP\\src\\PersistenceApplicationFanLX.cpp"
I[22:27:24.866] Parsing command...
I[22:27:24.869] internal (cc1) args are: -cc1 -triple x86_64-w64-windows-gnu -fsyntax-only -disable-free -clear-ast-before-backend -disable-llvm-verifier -discard-value-names -main-file-name PersistenceApplicationFanLX.cpp -mrelocation-model pic -pic-level 2 -mframe-pointer=none -fmath-errno -ffp-contract=on -fno-rounding-math -mconstructor-aliases -funwind-tables=2 -fno-sized-deallocation -fno-use-init-array -target-cpu x86-64 -tune-cpu generic -debugger-tuning=gdb -fdebug-compilation-dir=C:/Users/25686/Desktop/OOP/build -fcoverage-compilation-dir=C:/Users/25686/Desktop/OOP/build -resource-dir "C:\\Users\\25686\\AppData\\Local\\Zed\\languages\\clangd\\clangd_22.1.6\\lib\\clang\\22" -isystem D:/mingw64/bin/../lib/gcc/x86_64-w64-mingw32/15.1.0/include/c++ -isystem D:/mingw64/bin/../lib/gcc/x86_64-w64-mingw32/15.1.0/include/c++/x86_64-w64-mingw32 -isystem D:/mingw64/bin/../lib/gcc/x86_64-w64-mingw32/15.1.0/include/c++/backward -isystem D:/mingw64/bin/../lib/gcc/x86_64-w64-mingw32/15.1.0/include-fixed -isystem D:/mingw64/bin/../lib/gcc/x86_64-w64-mingw32/15.1.0/../../../../x86_64-w64-mingw32/include -I C:/Users/25686/Desktop/OOP/include -I C:/Users/25686/Desktop/OOP/third_party -internal-isystem "D:\\mingw64\\x86_64-w64-mingw32\\include\\c++" -internal-isystem "D:\\mingw64\\x86_64-w64-mingw32\\include\\c++\\x86_64-w64-mingw32" -internal-isystem "D:\\mingw64\\x86_64-w64-mingw32\\include\\c++\\backward" -internal-isystem "D:\\mingw64\\x86_64-w64-mingw32\\include\\c++\\15.1.0" -internal-isystem "D:\\mingw64\\x86_64-w64-mingw32\\include\\c++\\15.1.0\\x86_64-w64-mingw32" -internal-isystem "D:\\mingw64\\x86_64-w64-mingw32\\include\\c++\\15.1.0\\backward" -internal-isystem "D:\\mingw64\\include\\c++\\15.1.0" -internal-isystem "D:\\mingw64\\include\\c++\\15.1.0\\x86_64-w64-mingw32" -internal-isystem "D:\\mingw64\\include\\c++\\15.1.0\\backward" -internal-isystem "D:\\mingw64\\lib\\gcc\\x86_64-w64-mingw32\\15.1.0\\include\\c++" -internal-isystem "D:\\mingw64\\lib\\gcc\\x86_64-w64-mingw32\\15.1.0\\include\\c++\\x86_64-w64-mingw32" -internal-isystem "D:\\mingw64\\lib\\gcc\\x86_64-w64-mingw32\\15.1.0\\include\\c++\\backward" -internal-isystem "D:\\mingw64\\lib\\gcc\\x86_64-w64-mingw32\\15.1.0\\include\\g++-v15.1.0" -internal-isystem "D:\\mingw64\\lib\\gcc\\x86_64-w64-mingw32\\15.1.0\\include\\g++-v15.1.0\\x86_64-w64-mingw32" -internal-isystem "D:\\mingw64\\lib\\gcc\\x86_64-w64-mingw32\\15.1.0\\include\\g++-v15.1.0\\backward" -internal-isystem "D:\\mingw64\\lib\\gcc\\x86_64-w64-mingw32\\15.1.0\\include\\g++-v15.1" -internal-isystem "D:\\mingw64\\lib\\gcc\\x86_64-w64-mingw32\\15.1.0\\include\\g++-v15.1\\x86_64-w64-mingw32" -internal-isystem "D:\\mingw64\\lib\\gcc\\x86_64-w64-mingw32\\15.1.0\\include\\g++-v15.1\\backward" -internal-isystem "D:\\mingw64\\lib\\gcc\\x86_64-w64-mingw32\\15.1.0\\include\\g++-v15" -internal-isystem "D:\\mingw64\\lib\\gcc\\x86_64-w64-mingw32\\15.1.0\\include\\g++-v15\\x86_64-w64-mingw32" -internal-isystem "D:\\mingw64\\lib\\gcc\\x86_64-w64-mingw32\\15.1.0\\include\\g++-v15\\backward" -internal-isystem "C:\\Users\\25686\\AppData\\Local\\Zed\\languages\\clangd\\clangd_22.1.6\\lib\\clang\\22\\include" -internal-isystem "D:\\mingw64\\x86_64-w64-mingw32\\include" -internal-isystem "D:\\mingw64\\x86_64-w64-mingw32\\usr/include" -internal-isystem "D:\\mingw64\\include" -Wall -Wextra -Wpedantic -Werror -std=gnu++17 -fdeprecated-macro -ferror-limit 19 -fno-use-cxa-atexit -fgnuc-version=4.2.1 -fskip-odr-check-in-gmf -fcxx-exceptions -fexceptions -exception-model=seh -no-round-trip-args -faddrsig -x c++ "C:\\Users\\25686\\Desktop\\OOP\\src\\PersistenceApplicationFanLX.cpp"
I[22:27:24.871] Building preamble...
I[22:27:25.645] Built preamble of size 14411964 for file C:\Users\25686\Desktop\OOP\src\PersistenceApplicationFanLX.cpp version null in 0.77 seconds
I[22:27:25.645] Indexing headers...
I[22:27:25.828] Building AST...
I[22:27:25.929] Indexing AST...
I[22:27:25.931] Building inlay hints
I[22:27:25.932] Building semantic highlighting
I[22:27:25.932] Testing features at each token (may be slow in large files)
I[22:27:26.031] Found definition heuristically in index for generation
I[22:27:26.032] Found definition heuristically in index for generation
I[22:27:26.035] Found definition heuristically in index for parentGeneration
I[22:27:26.035] Found definition heuristically in index for parentGeneration
I[22:27:26.037] Found definition heuristically in index for committedAtUtc
I[22:27:26.037] Found definition heuristically in index for committedAtUtc
I[22:27:26.098] Found definition heuristically in index for accounts
I[22:27:26.099] Found definition heuristically in index for accounts
I[22:27:26.099] Found definition heuristically in index for addUser
I[22:27:26.099] Found definition heuristically in index for addUser
I[22:27:26.113] Found definition heuristically in index for accounts
I[22:27:26.113] Found definition heuristically in index for accounts
I[22:27:26.114] Found definition heuristically in index for addAccount
I[22:27:26.114] Found definition heuristically in index for addAccount
I[22:27:26.117] Found definition heuristically in index for accounts
I[22:27:26.118] Found definition heuristically in index for accounts
I[22:27:26.118] Found definition heuristically in index for subscribe
I[22:27:26.118] Found definition heuristically in index for subscribe
I[22:27:26.197] Found definition heuristically in index for accounts
I[22:27:26.197] Found definition heuristically in index for accounts
I[22:27:26.197] Found definition heuristically in index for updateProfile
I[22:27:26.197] Found definition heuristically in index for updateProfile
I[22:27:26.198] Found definition heuristically in index for accounts
I[22:27:26.198] Found definition heuristically in index for accounts
I[22:27:26.198] Found definition heuristically in index for accountByAccountId
I[22:27:26.199] Found definition heuristically in index for accountByAccountId
I[22:27:26.201] Found definition heuristically in index for userId
I[22:27:26.201] Found definition heuristically in index for userId
I[22:27:26.212] Found definition heuristically in index for friends
I[22:27:26.212] Found definition heuristically in index for friends
I[22:27:26.213] Found definition heuristically in index for accounts
I[22:27:26.213] Found definition heuristically in index for accounts
I[22:27:26.229] Found definition heuristically in index for friends
I[22:27:26.229] Found definition heuristically in index for friends
I[22:27:26.230] Found definition heuristically in index for accounts
I[22:27:26.230] Found definition heuristically in index for accounts
I[22:27:26.249] Found definition heuristically in index for friends
I[22:27:26.249] Found definition heuristically in index for friends
I[22:27:26.250] Found definition heuristically in index for accounts
I[22:27:26.250] Found definition heuristically in index for accounts
I[22:27:26.271] Found definition heuristically in index for groups
I[22:27:26.271] Found definition heuristically in index for groups
I[22:27:26.273] Found definition heuristically in index for addMember
I[22:27:26.273] Found definition heuristically in index for addMember
I[22:27:26.283] Found definition heuristically in index for groups
I[22:27:26.283] Found definition heuristically in index for groups
I[22:27:26.284] Found definition heuristically in index for applyToJoin
I[22:27:26.284] Found definition heuristically in index for applyToJoin
I[22:27:26.307] Found definition heuristically in index for accounts
I[22:27:26.308] Found definition heuristically in index for accounts
I[22:27:26.308] Found definition heuristically in index for accountByAccountId
I[22:27:26.308] Found definition heuristically in index for accountByAccountId
I[22:27:26.311] Found definition heuristically in index for userId
I[22:27:26.311] Found definition heuristically in index for userId
I[22:27:26.313] Found definition heuristically in index for groups
I[22:27:26.316] Found definition heuristically in index for groups
I[22:27:26.316] Found definition heuristically in index for rejectApplication
I[22:27:26.317] Found definition heuristically in index for rejectApplication
I[22:27:26.321] Found definition heuristically in index for groups
I[22:27:26.322] Found definition heuristically in index for groups
I[22:27:26.322] Found definition heuristically in index for approveApplication
I[22:27:26.323] Found definition heuristically in index for approveApplication
I[22:27:26.350] Found definition heuristically in index for groups
I[22:27:26.350] Found definition heuristically in index for groups
I[22:27:26.350] Found definition heuristically in index for inviteMember
I[22:27:26.350] Found definition heuristically in index for inviteMember
I[22:27:26.352] Found definition heuristically in index for accounts
I[22:27:26.353] Found definition heuristically in index for accounts
I[22:27:26.353] Found definition heuristically in index for accountByAccountId
I[22:27:26.353] Found definition heuristically in index for accountByAccountId
I[22:27:26.356] Found definition heuristically in index for userId
I[22:27:26.356] Found definition heuristically in index for userId
I[22:27:26.376] Found definition heuristically in index for groups
I[22:27:26.376] Found definition heuristically in index for groups
I[22:27:26.377] Found definition heuristically in index for rejectInvitation
I[22:27:26.377] Found definition heuristically in index for rejectInvitation
I[22:27:26.379] Found definition heuristically in index for groups
I[22:27:26.379] Found definition heuristically in index for groups
I[22:27:26.379] Found definition heuristically in index for confirmInvitation
I[22:27:26.380] Found definition heuristically in index for confirmInvitation
I[22:27:26.390] Found definition heuristically in index for groups
I[22:27:26.390] Found definition heuristically in index for groups
I[22:27:26.390] Found definition heuristically in index for leave
I[22:27:26.391] Found definition heuristically in index for leave
I[22:27:26.415] Found definition heuristically in index for groups
I[22:27:26.415] Found definition heuristically in index for groups
I[22:27:26.415] Found definition heuristically in index for removeMember
I[22:27:26.416] Found definition heuristically in index for removeMember
I[22:27:26.418] Found definition heuristically in index for accounts
I[22:27:26.418] Found definition heuristically in index for accounts
I[22:27:26.418] Found definition heuristically in index for accountByAccountId
I[22:27:26.418] Found definition heuristically in index for accountByAccountId
I[22:27:26.421] Found definition heuristically in index for userId
I[22:27:26.422] Found definition heuristically in index for userId
I[22:27:26.434] Found definition heuristically in index for groups
I[22:27:26.434] Found definition heuristically in index for groups
I[22:27:26.434] Found definition heuristically in index for dissolve
I[22:27:26.434] Found definition heuristically in index for dissolve
I[22:27:26.457] Found definition heuristically in index for groups
I[22:27:26.458] Found definition heuristically in index for groups
I[22:27:26.458] Found definition heuristically in index for transferOwnership
I[22:27:26.458] Found definition heuristically in index for transferOwnership
I[22:27:26.460] Found definition heuristically in index for accounts
I[22:27:26.460] Found definition heuristically in index for accounts
I[22:27:26.461] Found definition heuristically in index for accountByAccountId
I[22:27:26.461] Found definition heuristically in index for accountByAccountId
I[22:27:26.464] Found definition heuristically in index for userId
I[22:27:26.464] Found definition heuristically in index for userId
I[22:27:26.485] Found definition heuristically in index for accounts
I[22:27:26.485] Found definition heuristically in index for accounts
I[22:27:26.486] Found definition heuristically in index for accountByAccountId
I[22:27:26.486] Found definition heuristically in index for accountByAccountId
I[22:27:26.489] Found definition heuristically in index for userId
I[22:27:26.489] Found definition heuristically in index for userId
I[22:27:26.490] Found definition heuristically in index for groups
I[22:27:26.491] Found definition heuristically in index for groups
I[22:27:26.491] Found definition heuristically in index for revokeAdmin
I[22:27:26.491] Found definition heuristically in index for revokeAdmin
I[22:27:26.493] Found definition heuristically in index for groups
I[22:27:26.494] Found definition heuristically in index for groups
I[22:27:26.494] Found definition heuristically in index for assignAdmin
I[22:27:26.494] Found definition heuristically in index for assignAdmin
I[22:27:26.516] Found definition heuristically in index for groups
I[22:27:26.516] Found definition heuristically in index for groups
I[22:27:26.516] Found definition heuristically in index for switchToQQ
I[22:27:26.516] Found definition heuristically in index for switchToQQ
I[22:27:26.520] Found definition heuristically in index for groups
I[22:27:26.520] Found definition heuristically in index for groups
I[22:27:26.521] Found definition heuristically in index for switchToWechat
I[22:27:26.521] Found definition heuristically in index for switchToWechat
I[22:27:26.541] Found definition heuristically in index for groups
I[22:27:26.541] Found definition heuristically in index for groups
I[22:27:26.541] Found definition heuristically in index for createDiscussion
I[22:27:26.542] Found definition heuristically in index for createDiscussion
I[22:27:26.544] Found definition heuristically in index for groups
I[22:27:26.544] Found definition heuristically in index for groups
I[22:27:26.545] Found definition heuristically in index for joinDiscussion
I[22:27:26.545] Found definition heuristically in index for joinDiscussion
I[22:27:26.571] Found definition heuristically in index for groups
I[22:27:26.572] Found definition heuristically in index for groups
I[22:27:26.572] Found definition heuristically in index for joinDiscussion
I[22:27:26.573] Found definition heuristically in index for joinDiscussion
I[22:27:26.575] Found definition heuristically in index for accounts
I[22:27:26.576] Found definition heuristically in index for accounts
I[22:27:26.576] Found definition heuristically in index for accountByAccountId
I[22:27:26.576] Found definition heuristically in index for accountByAccountId
I[22:27:26.580] Found definition heuristically in index for userId
I[22:27:26.580] Found definition heuristically in index for userId
I[22:27:26.598] Found definition heuristically in index for groups
I[22:27:26.598] Found definition heuristically in index for groups
I[22:27:26.601] Found definition heuristically in index for roleOf
I[22:27:26.601] Found definition heuristically in index for roleOf
I[22:27:26.606] Found definition heuristically in index for groups
I[22:27:26.606] Found definition heuristically in index for groups
I[22:27:26.608] Found definition heuristically in index for rename
I[22:27:26.609] Found definition heuristically in index for rename
I[22:27:26.610] All checks completed, 0 errors
