I[22:11:01.932] clangd version 22.1.6 (https://github.com/llvm/llvm-project fc4aad7b5db3fff421df9a9637605b9ca5667881)
I[22:11:01.933] Features: windows+grpc
I[22:11:01.933] PID: 30120
I[22:11:01.933] Working directory: C:\Users\25686\Desktop\OOP
I[22:11:01.933] argv[0]: C:\Users\25686\AppData\Local\Zed\languages\clangd\clangd_22.1.6\bin\clangd.exe
I[22:11:01.933] argv[1]: --check=src/TransactionCoordinatorFanLX.cpp
I[22:11:01.933] argv[2]: --compile-commands-dir=build
I[22:11:01.933] argv[3]: --query-driver=D:/mingw64/bin/c++.exe
I[22:11:01.933] argv[4]: --clang-tidy
I[22:11:01.933] argv[5]: --tweaks=none
I[22:11:01.938] Entering check mode (no LSP server)
I[22:11:01.938] Testing on source file C:\Users\25686\Desktop\OOP\src\TransactionCoordinatorFanLX.cpp
I[22:11:01.939] Loading config file at C:\Users\25686\Desktop\OOP\.clangd
I[22:11:01.940] Loading config file at C:\Users\25686\AppData\Local\clangd\config.yaml
I[22:11:01.940] Loading compilation database...
I[22:11:01.995] Loaded compilation database from C:\Users\25686\Desktop\OOP\build\compile_commands.json
I[22:11:02.071] System includes extractor: successfully executed D:\mingw64\bin\c++.exe
	got includes: "D:/mingw64/bin/../lib/gcc/x86_64-w64-mingw32/15.1.0/include/c++, D:/mingw64/bin/../lib/gcc/x86_64-w64-mingw32/15.1.0/include/c++/x86_64-w64-mingw32, D:/mingw64/bin/../lib/gcc/x86_64-w64-mingw32/15.1.0/include/c++/backward, D:/mingw64/bin/../lib/gcc/x86_64-w64-mingw32/15.1.0/include-fixed, D:/mingw64/bin/../lib/gcc/x86_64-w64-mingw32/15.1.0/../../../../x86_64-w64-mingw32/include"
	got target: "x86_64-w64-mingw32"
I[22:11:02.071] Compile command from CDB is: [C:/Users/25686/Desktop/OOP/build] "D:\\mingw64\\bin\\c++.exe" --driver-mode=g++ -IC:/Users/25686/Desktop/OOP/include -IC:/Users/25686/Desktop/OOP/third_party -std=gnu++17 -Wall -Wextra -Wpedantic -Werror -o "CMakeFiles\\fanlx_persistence.dir\\src\\TransactionCoordinatorFanLX.cpp.obj" -c -isystem D:/mingw64/bin/../lib/gcc/x86_64-w64-mingw32/15.1.0/include/c++ -isystem D:/mingw64/bin/../lib/gcc/x86_64-w64-mingw32/15.1.0/include/c++/x86_64-w64-mingw32 -isystem D:/mingw64/bin/../lib/gcc/x86_64-w64-mingw32/15.1.0/include/c++/backward -isystem D:/mingw64/bin/../lib/gcc/x86_64-w64-mingw32/15.1.0/include-fixed -isystem D:/mingw64/bin/../lib/gcc/x86_64-w64-mingw32/15.1.0/../../../../x86_64-w64-mingw32/include --target=x86_64-w64-mingw32 "-resource-dir=C:\\Users\\25686\\AppData\\Local\\Zed\\languages\\clangd\\clangd_22.1.6\\lib\\clang\\22" -- "C:\\Users\\25686\\Desktop\\OOP\\src\\TransactionCoordinatorFanLX.cpp"
I[22:11:02.072] Parsing command...
I[22:11:02.074] internal (cc1) args are: -cc1 -triple x86_64-w64-windows-gnu -fsyntax-only -disable-free -clear-ast-before-backend -disable-llvm-verifier -discard-value-names -main-file-name TransactionCoordinatorFanLX.cpp -mrelocation-model pic -pic-level 2 -mframe-pointer=none -fmath-errno -ffp-contract=on -fno-rounding-math -mconstructor-aliases -funwind-tables=2 -fno-sized-deallocation -fno-use-init-array -target-cpu x86-64 -tune-cpu generic -debugger-tuning=gdb -fdebug-compilation-dir=C:/Users/25686/Desktop/OOP/build -fcoverage-compilation-dir=C:/Users/25686/Desktop/OOP/build -resource-dir "C:\\Users\\25686\\AppData\\Local\\Zed\\languages\\clangd\\clangd_22.1.6\\lib\\clang\\22" -isystem D:/mingw64/bin/../lib/gcc/x86_64-w64-mingw32/15.1.0/include/c++ -isystem D:/mingw64/bin/../lib/gcc/x86_64-w64-mingw32/15.1.0/include/c++/x86_64-w64-mingw32 -isystem D:/mingw64/bin/../lib/gcc/x86_64-w64-mingw32/15.1.0/include/c++/backward -isystem D:/mingw64/bin/../lib/gcc/x86_64-w64-mingw32/15.1.0/include-fixed -isystem D:/mingw64/bin/../lib/gcc/x86_64-w64-mingw32/15.1.0/../../../../x86_64-w64-mingw32/include -I C:/Users/25686/Desktop/OOP/include -I C:/Users/25686/Desktop/OOP/third_party -internal-isystem "D:\\mingw64\\x86_64-w64-mingw32\\include\\c++" -internal-isystem "D:\\mingw64\\x86_64-w64-mingw32\\include\\c++\\x86_64-w64-mingw32" -internal-isystem "D:\\mingw64\\x86_64-w64-mingw32\\include\\c++\\backward" -internal-isystem "D:\\mingw64\\x86_64-w64-mingw32\\include\\c++\\15.1.0" -internal-isystem "D:\\mingw64\\x86_64-w64-mingw32\\include\\c++\\15.1.0\\x86_64-w64-mingw32" -internal-isystem "D:\\mingw64\\x86_64-w64-mingw32\\include\\c++\\15.1.0\\backward" -internal-isystem "D:\\mingw64\\include\\c++\\15.1.0" -internal-isystem "D:\\mingw64\\include\\c++\\15.1.0\\x86_64-w64-mingw32" -internal-isystem "D:\\mingw64\\include\\c++\\15.1.0\\backward" -internal-isystem "D:\\mingw64\\lib\\gcc\\x86_64-w64-mingw32\\15.1.0\\include\\c++" -internal-isystem "D:\\mingw64\\lib\\gcc\\x86_64-w64-mingw32\\15.1.0\\include\\c++\\x86_64-w64-mingw32" -internal-isystem "D:\\mingw64\\lib\\gcc\\x86_64-w64-mingw32\\15.1.0\\include\\c++\\backward" -internal-isystem "D:\\mingw64\\lib\\gcc\\x86_64-w64-mingw32\\15.1.0\\include\\g++-v15.1.0" -internal-isystem "D:\\mingw64\\lib\\gcc\\x86_64-w64-mingw32\\15.1.0\\include\\g++-v15.1.0\\x86_64-w64-mingw32" -internal-isystem "D:\\mingw64\\lib\\gcc\\x86_64-w64-mingw32\\15.1.0\\include\\g++-v15.1.0\\backward" -internal-isystem "D:\\mingw64\\lib\\gcc\\x86_64-w64-mingw32\\15.1.0\\include\\g++-v15.1" -internal-isystem "D:\\mingw64\\lib\\gcc\\x86_64-w64-mingw32\\15.1.0\\include\\g++-v15.1\\x86_64-w64-mingw32" -internal-isystem "D:\\mingw64\\lib\\gcc\\x86_64-w64-mingw32\\15.1.0\\include\\g++-v15.1\\backward" -internal-isystem "D:\\mingw64\\lib\\gcc\\x86_64-w64-mingw32\\15.1.0\\include\\g++-v15" -internal-isystem "D:\\mingw64\\lib\\gcc\\x86_64-w64-mingw32\\15.1.0\\include\\g++-v15\\x86_64-w64-mingw32" -internal-isystem "D:\\mingw64\\lib\\gcc\\x86_64-w64-mingw32\\15.1.0\\include\\g++-v15\\backward" -internal-isystem "C:\\Users\\25686\\AppData\\Local\\Zed\\languages\\clangd\\clangd_22.1.6\\lib\\clang\\22\\include" -internal-isystem "D:\\mingw64\\x86_64-w64-mingw32\\include" -internal-isystem "D:\\mingw64\\x86_64-w64-mingw32\\usr/include" -internal-isystem "D:\\mingw64\\include" -Wall -Wextra -Wpedantic -Werror -std=gnu++17 -fdeprecated-macro -ferror-limit 19 -fno-use-cxa-atexit -fgnuc-version=4.2.1 -fskip-odr-check-in-gmf -fcxx-exceptions -fexceptions -exception-model=seh -no-round-trip-args -faddrsig -x c++ "C:\\Users\\25686\\Desktop\\OOP\\src\\TransactionCoordinatorFanLX.cpp"
I[22:11:02.075] Building preamble...
I[22:11:02.773] Built preamble of size 14648688 for file C:\Users\25686\Desktop\OOP\src\TransactionCoordinatorFanLX.cpp version null in 0.70 seconds
I[22:11:02.773] Indexing headers...
I[22:11:02.946] Building AST...
I[22:11:03.204] Indexing AST...
I[22:11:03.205] Building inlay hints
I[22:11:03.205] Building semantic highlighting
I[22:11:03.206] Testing features at each token (may be slow in large files)
I[22:11:03.496] Found definition heuristically in index for dump
I[22:11:03.496] Found definition heuristically in index for dump
I[22:11:03.498] Found definition heuristically in index for dump
I[22:11:03.498] Found definition heuristically in index for dump
I[22:11:03.604] All checks completed, 0 errors
